Analysis & Synthesis report for simulation
Tue Mar 21 00:51:57 2023
Quartus Prime Version 22.1std.0 Build 915 10/25/2022 SC Lite Edition


---------------------
; Table of Contents ;
---------------------
  1. Legal Notice
  2. Analysis & Synthesis Summary
  3. Analysis & Synthesis Settings
  4. Parallel Compilation
  5. Analysis & Synthesis Source Files Read
  6. Analysis & Synthesis Resource Usage Summary
  7. Analysis & Synthesis Resource Utilization by Entity
  8. User-Specified and Inferred Latches
  9. Logic Cells Representing Combinational Loops
 10. General Register Statistics
 11. Multiplexer Restructuring Statistics (Restructuring Performed)
 12. Post-Synthesis Netlist Statistics for Top Partition
 13. Elapsed Time Per Partition
 14. Analysis & Synthesis Messages



----------------
; Legal Notice ;
----------------
Copyright (C) 2022  Intel Corporation. All rights reserved.
Your use of Intel Corporation's design tools, logic functions 
and other software and tools, and any partner logic 
functions, and any output files from any of the foregoing 
(including device programming or simulation files), and any 
associated documentation or information are expressly subject 
to the terms and conditions of the Intel Program License 
Subscription Agreement, the Intel Quartus Prime License Agreement,
the Intel FPGA IP License Agreement, or other applicable license
agreement, including, without limitation, that your use is for
the sole purpose of programming logic devices manufactured by
Intel and sold by Intel or its authorized distributors.  Please
refer to the applicable agreement for further details, at
https://fpgasoftware.intel.com/eula.



+-------------------------------------------------------------------------------------+
; Analysis & Synthesis Summary                                                        ;
+------------------------------------+------------------------------------------------+
; Analysis & Synthesis Status        ; Successful - Tue Mar 21 00:51:57 2023          ;
; Quartus Prime Version              ; 22.1std.0 Build 915 10/25/2022 SC Lite Edition ;
; Revision Name                      ; simulation                                     ;
; Top-level Entity Name              ; simulation                                     ;
; Family                             ; Cyclone 10 LP                                  ;
; Total logic elements               ; 284                                            ;
;     Total combinational functions  ; 284                                            ;
;     Dedicated logic registers      ; 0                                              ;
; Total registers                    ; 0                                              ;
; Total pins                         ; 19                                             ;
; Total virtual pins                 ; 0                                              ;
; Total memory bits                  ; 0                                              ;
; Embedded Multiplier 9-bit elements ; 0                                              ;
; Total PLLs                         ; 0                                              ;
+------------------------------------+------------------------------------------------+


+------------------------------------------------------------------------------------------------------------+
; Analysis & Synthesis Settings                                                                              ;
+------------------------------------------------------------------+--------------------+--------------------+
; Option                                                           ; Setting            ; Default Value      ;
+------------------------------------------------------------------+--------------------+--------------------+
; Device                                                           ; 10CL016YU256C8G    ;                    ;
; Top-level entity name                                            ; simulation         ; simulation         ;
; Family name                                                      ; Cyclone 10 LP      ; Cyclone V          ;
; Use smart compilation                                            ; Off                ; Off                ;
; Enable parallel Assembler and Timing Analyzer during compilation ; On                 ; On                 ;
; Enable compact report table                                      ; Off                ; Off                ;
; Restructure Multiplexers                                         ; Auto               ; Auto               ;
; Create Debugging Nodes for IP Cores                              ; Off                ; Off                ;
; Preserve fewer node names                                        ; On                 ; On                 ;
; Intel FPGA IP Evaluation Mode                                    ; Enable             ; Enable             ;
; Verilog Version                                                  ; Verilog_2001       ; Verilog_2001       ;
; VHDL Version                                                     ; VHDL_1993          ; VHDL_1993          ;
; State Machine Processing                                         ; Auto               ; Auto               ;
; Safe State Machine                                               ; Off                ; Off                ;
; Extract Verilog State Machines                                   ; On                 ; On                 ;
; Extract VHDL State Machines                                      ; On                 ; On                 ;
; Ignore Verilog initial constructs                                ; Off                ; Off                ;
; Iteration limit for constant Verilog loops                       ; 5000               ; 5000               ;
; Iteration limit for non-constant Verilog loops                   ; 250                ; 250                ;
; Add Pass-Through Logic to Inferred RAMs                          ; On                 ; On                 ;
; Infer RAMs from Raw Logic                                        ; On                 ; On                 ;
; Parallel Synthesis                                               ; On                 ; On                 ;
; DSP Block Balancing                                              ; Auto               ; Auto               ;
; NOT Gate Push-Back                                               ; On                 ; On                 ;
; Power-Up Don't Care                                              ; On                 ; On                 ;
; Remove Redundant Logic Cells                                     ; Off                ; Off                ;
; Remove Duplicate Registers                                       ; On                 ; On                 ;
; Ignore CARRY Buffers                                             ; Off                ; Off                ;
; Ignore CASCADE Buffers                                           ; Off                ; Off                ;
; Ignore GLOBAL Buffers                                            ; Off                ; Off                ;
; Ignore ROW GLOBAL Buffers                                        ; Off                ; Off                ;
; Ignore LCELL Buffers                                             ; Off                ; Off                ;
; Ignore SOFT Buffers                                              ; On                 ; On                 ;
; Limit AHDL Integers to 32 Bits                                   ; Off                ; Off                ;
; Optimization Technique                                           ; Balanced           ; Balanced           ;
; Carry Chain Length                                               ; 70                 ; 70                 ;
; Auto Carry Chains                                                ; On                 ; On                 ;
; Auto Open-Drain Pins                                             ; On                 ; On                 ;
; Perform WYSIWYG Primitive Resynthesis                            ; Off                ; Off                ;
; Auto ROM Replacement                                             ; On                 ; On                 ;
; Auto RAM Replacement                                             ; On                 ; On                 ;
; Auto DSP Block Replacement                                       ; On                 ; On                 ;
; Auto Shift Register Replacement                                  ; Auto               ; Auto               ;
; Allow Shift Register Merging across Hierarchies                  ; Auto               ; Auto               ;
; Auto Clock Enable Replacement                                    ; On                 ; On                 ;
; Strict RAM Replacement                                           ; Off                ; Off                ;
; Allow Synchronous Control Signals                                ; On                 ; On                 ;
; Force Use of Synchronous Clear Signals                           ; Off                ; Off                ;
; Auto RAM Block Balancing                                         ; On                 ; On                 ;
; Auto RAM to Logic Cell Conversion                                ; Off                ; Off                ;
; Auto Resource Sharing                                            ; Off                ; Off                ;
; Allow Any RAM Size For Recognition                               ; Off                ; Off                ;
; Allow Any ROM Size For Recognition                               ; Off                ; Off                ;
; Allow Any Shift Register Size For Recognition                    ; Off                ; Off                ;
; Use LogicLock Constraints during Resource Balancing              ; On                 ; On                 ;
; Ignore translate_off and synthesis_off directives                ; Off                ; Off                ;
; Timing-Driven Synthesis                                          ; On                 ; On                 ;
; Report Parameter Settings                                        ; On                 ; On                 ;
; Report Source Assignments                                        ; On                 ; On                 ;
; Report Connectivity Checks                                       ; On                 ; On                 ;
; Ignore Maximum Fan-Out Assignments                               ; Off                ; Off                ;
; Synchronization Register Chain Length                            ; 2                  ; 2                  ;
; Power Optimization During Synthesis                              ; Normal compilation ; Normal compilation ;
; HDL message level                                                ; Level2             ; Level2             ;
; Suppress Register Optimization Related Messages                  ; Off                ; Off                ;
; Number of Removed Registers Reported in Synthesis Report         ; 5000               ; 5000               ;
; Number of Swept Nodes Reported in Synthesis Report               ; 5000               ; 5000               ;
; Number of Inverted Registers Reported in Synthesis Report        ; 100                ; 100                ;
; Clock MUX Protection                                             ; On                 ; On                 ;
; Auto Gated Clock Conversion                                      ; Off                ; Off                ;
; Block Design Naming                                              ; Auto               ; Auto               ;
; SDC constraint protection                                        ; Off                ; Off                ;
; Synthesis Effort                                                 ; Auto               ; Auto               ;
; Shift Register Replacement - Allow Asynchronous Clear Signal     ; On                 ; On                 ;
; Pre-Mapping Resynthesis Optimization                             ; Off                ; Off                ;
; Analysis & Synthesis Message Level                               ; Medium             ; Medium             ;
; Disable Register Merging Across Hierarchies                      ; Auto               ; Auto               ;
; Resource Aware Inference For Block RAM                           ; On                 ; On                 ;
+------------------------------------------------------------------+--------------------+--------------------+


+------------------------------------------+
; Parallel Compilation                     ;
+----------------------------+-------------+
; Processors                 ; Number      ;
+----------------------------+-------------+
; Number detected on machine ; 8           ;
; Maximum allowed            ; 4           ;
;                            ;             ;
; Average used               ; 1.00        ;
; Maximum used               ; 4           ;
;                            ;             ;
; Usage by Processor         ; % Time Used ;
;     Processor 1            ; 100.0%      ;
;     Processors 2-4         ;   0.2%      ;
+----------------------------+-------------+


+---------------------------------------------------------------------------------------------------------------------------------------------------------+
; Analysis & Synthesis Source Files Read                                                                                                                  ;
+----------------------------------+-----------------+------------------------+-----------------------------------------------------------------+---------+
; File Name with User-Entered Path ; Used in Netlist ; File Type              ; File Name with Absolute Path                                    ; Library ;
+----------------------------------+-----------------+------------------------+-----------------------------------------------------------------+---------+
; simulation.v                     ; yes             ; User Verilog HDL File  ; C:/Users/Solom/OneDrive/Desktop/Control/simulation/simulation.v ;         ;
+----------------------------------+-----------------+------------------------+-----------------------------------------------------------------+---------+


+--------------------------------------------------------------------+
; Analysis & Synthesis Resource Usage Summary                        ;
+---------------------------------------------+----------------------+
; Resource                                    ; Usage                ;
+---------------------------------------------+----------------------+
; Estimated Total logic elements              ; 284                  ;
;                                             ;                      ;
; Total combinational functions               ; 284                  ;
; Logic element usage by number of LUT inputs ;                      ;
;     -- 4 input functions                    ; 13                   ;
;     -- 3 input functions                    ; 155                  ;
;     -- <=2 input functions                  ; 116                  ;
;                                             ;                      ;
; Logic elements by mode                      ;                      ;
;     -- normal mode                          ; 148                  ;
;     -- arithmetic mode                      ; 136                  ;
;                                             ;                      ;
; Total registers                             ; 0                    ;
;     -- Dedicated logic registers            ; 0                    ;
;     -- I/O registers                        ; 0                    ;
;                                             ;                      ;
; I/O pins                                    ; 19                   ;
;                                             ;                      ;
; Embedded Multiplier 9-bit elements          ; 0                    ;
;                                             ;                      ;
; Maximum fan-out node                        ; r_state.00000010_949 ;
; Maximum fan-out                             ; 36                   ;
; Total fan-out                               ; 781                  ;
; Average fan-out                             ; 2.43                 ;
+---------------------------------------------+----------------------+


+----------------------------------------------------------------------------------------------------------------------------------------------------------------------------------------------------------+
; Analysis & Synthesis Resource Utilization by Entity                                                                                                                                                      ;
+----------------------------+---------------------+---------------------------+-------------+--------------+---------+-----------+------+--------------+---------------------+-------------+--------------+
; Compilation Hierarchy Node ; Combinational ALUTs ; Dedicated Logic Registers ; Memory Bits ; DSP Elements ; DSP 9x9 ; DSP 18x18 ; Pins ; Virtual Pins ; Full Hierarchy Name ; Entity Name ; Library Name ;
+----------------------------+---------------------+---------------------------+-------------+--------------+---------+-----------+------+--------------+---------------------+-------------+--------------+
; |simulation                ; 284 (284)           ; 0 (0)                     ; 0           ; 0            ; 0       ; 0         ; 19   ; 0            ; |simulation         ; simulation  ; work         ;
+----------------------------+---------------------+---------------------------+-------------+--------------+---------+-----------+------+--------------+---------------------+-------------+--------------+
Note: For table entries with two numbers listed, the numbers in parentheses indicate the number of resources of the given type used by the specific entity alone. The numbers listed outside of parentheses indicate the total resources of the given type used by the specific entity and all of its sub-entities in the hierarchy.


+-----------------------------------------------------------------------------------------------------+
; User-Specified and Inferred Latches                                                                 ;
+-----------------------------------------------------+----------------------+------------------------+
; Latch Name                                          ; Latch Enable Signal  ; Free of Timing Hazards ;
+-----------------------------------------------------+----------------------+------------------------+
; state.00100_1006                                    ; Selector62           ; yes                    ;
; state.00010_1034                                    ; Selector62           ; yes                    ;
; state.00000_1062                                    ; Selector62           ; yes                    ;
; rabi$latch                                          ; r_state.00000010_949 ; yes                    ;
; state.00101_992                                     ; Selector62           ; yes                    ;
; state.00001_1048                                    ; Selector62           ; yes                    ;
; state.00011_1020                                    ; Selector62           ; yes                    ;
; r_state.00000001_960                                ; Selector57           ; yes                    ;
; r_state.00000010_949                                ; Selector57           ; yes                    ;
; r_state.00000000_971                                ; Selector57           ; yes                    ;
; r_counter[31]                                       ; Selector24           ; yes                    ;
; pulse_length[31]                                    ; pulse_length[5]      ; yes                    ;
; pulse_length[30]                                    ; pulse_length[5]      ; yes                    ;
; pulse_length[29]                                    ; pulse_length[5]      ; yes                    ;
; pulse_length[28]                                    ; pulse_length[5]      ; yes                    ;
; pulse_length[27]                                    ; pulse_length[5]      ; yes                    ;
; pulse_length[26]                                    ; pulse_length[5]      ; yes                    ;
; pulse_length[25]                                    ; pulse_length[5]      ; yes                    ;
; pulse_length[24]                                    ; pulse_length[5]      ; yes                    ;
; pulse_length[23]                                    ; pulse_length[5]      ; yes                    ;
; pulse_length[22]                                    ; pulse_length[5]      ; yes                    ;
; pulse_length[21]                                    ; pulse_length[5]      ; yes                    ;
; pulse_length[20]                                    ; pulse_length[5]      ; yes                    ;
; pulse_length[19]                                    ; pulse_length[5]      ; yes                    ;
; pulse_length[18]                                    ; pulse_length[5]      ; yes                    ;
; pulse_length[17]                                    ; pulse_length[5]      ; yes                    ;
; pulse_length[16]                                    ; pulse_length[5]      ; yes                    ;
; pulse_length[15]                                    ; pulse_length[5]      ; yes                    ;
; pulse_length[14]                                    ; pulse_length[5]      ; yes                    ;
; pulse_length[13]                                    ; pulse_length[5]      ; yes                    ;
; pulse_length[12]                                    ; pulse_length[5]      ; yes                    ;
; pulse_length[11]                                    ; pulse_length[5]      ; yes                    ;
; pulse_length[10]                                    ; pulse_length[5]      ; yes                    ;
; pulse_length[9]                                     ; pulse_length[5]      ; yes                    ;
; pulse_length[8]                                     ; pulse_length[5]      ; yes                    ;
; pulse_length[7]                                     ; pulse_length[5]      ; yes                    ;
; pulse_length[6]                                     ; pulse_length[5]      ; yes                    ;
; pulse_length[5]                                     ; pulse_length[5]      ; yes                    ;
; pulse_length[4]                                     ; pulse_length[5]      ; yes                    ;
; pulse_length[3]                                     ; pulse_length[5]      ; yes                    ;
; pulse_length[2]                                     ; pulse_length[5]      ; yes                    ;
; pulse_length[1]                                     ; pulse_length[5]      ; yes                    ;
; r_counter[30]                                       ; Selector24           ; yes                    ;
; r_counter[29]                                       ; Selector24           ; yes                    ;
; r_counter[28]                                       ; Selector24           ; yes                    ;
; r_counter[27]                                       ; Selector24           ; yes                    ;
; r_counter[26]                                       ; Selector24           ; yes                    ;
; r_counter[25]                                       ; Selector24           ; yes                    ;
; r_counter[24]                                       ; Selector24           ; yes                    ;
; r_counter[23]                                       ; Selector24           ; yes                    ;
; r_counter[22]                                       ; Selector24           ; yes                    ;
; r_counter[21]                                       ; Selector24           ; yes                    ;
; r_counter[20]                                       ; Selector24           ; yes                    ;
; r_counter[19]                                       ; Selector24           ; yes                    ;
; r_counter[18]                                       ; Selector24           ; yes                    ;
; r_counter[17]                                       ; Selector24           ; yes                    ;
; r_counter[16]                                       ; Selector24           ; yes                    ;
; r_counter[15]                                       ; Selector24           ; yes                    ;
; r_counter[14]                                       ; Selector24           ; yes                    ;
; r_counter[13]                                       ; Selector24           ; yes                    ;
; r_counter[12]                                       ; Selector24           ; yes                    ;
; r_counter[11]                                       ; Selector24           ; yes                    ;
; r_counter[10]                                       ; Selector24           ; yes                    ;
; r_counter[9]                                        ; Selector24           ; yes                    ;
; r_counter[8]                                        ; Selector24           ; yes                    ;
; r_counter[7]                                        ; Selector24           ; yes                    ;
; r_counter[6]                                        ; Selector24           ; yes                    ;
; r_counter[5]                                        ; Selector24           ; yes                    ;
; r_counter[4]                                        ; Selector24           ; yes                    ;
; r_counter[3]                                        ; Selector24           ; yes                    ;
; r_counter[2]                                        ; Selector24           ; yes                    ;
; r_counter[1]                                        ; Selector24           ; yes                    ;
; r_counter[0]                                        ; Selector24           ; yes                    ;
; Number of user-specified and inferred latches = 73  ;                      ;                        ;
+-----------------------------------------------------+----------------------+------------------------+
Note: All latches listed above may not be present at the end of synthesis due to various synthesis optimizations.


+-------------------------------------------------------------+
; Logic Cells Representing Combinational Loops                ;
+--------------------------------------------------------+----+
; Logic Cell Name                                        ;    ;
+--------------------------------------------------------+----+
; counter[0]~19                                          ;    ;
; counter~20                                             ;    ;
; counter~21                                             ;    ;
; counter~22                                             ;    ;
; counter~23                                             ;    ;
; counter~24                                             ;    ;
; counter~25                                             ;    ;
; counter~26                                             ;    ;
; counter~27                                             ;    ;
; counter~28                                             ;    ;
; counter~29                                             ;    ;
; counter~30                                             ;    ;
; counter~31                                             ;    ;
; counter~32                                             ;    ;
; counter~33                                             ;    ;
; counter~34                                             ;    ;
; counter~35                                             ;    ;
; counter[14]~36                                         ;    ;
; counter[15]~37                                         ;    ;
; counter[16]~38                                         ;    ;
; Selector24~0                                           ;    ;
; Number of logic cells representing combinational loops ; 21 ;
+--------------------------------------------------------+----+
Note: All cells listed above may not be present at the end of synthesis due to various synthesis optimizations.


+------------------------------------------------------+
; General Register Statistics                          ;
+----------------------------------------------+-------+
; Statistic                                    ; Value ;
+----------------------------------------------+-------+
; Total registers                              ; 0     ;
; Number of registers using Synchronous Clear  ; 0     ;
; Number of registers using Synchronous Load   ; 0     ;
; Number of registers using Asynchronous Clear ; 0     ;
; Number of registers using Asynchronous Load  ; 0     ;
; Number of registers using Clock Enable       ; 0     ;
; Number of registers using Preset             ; 0     ;
+----------------------------------------------+-------+


+------------------------------------------------------------------------------------------------------------------------------------------+
; Multiplexer Restructuring Statistics (Restructuring Performed)                                                                           ;
+--------------------+-----------+---------------+----------------------+------------------------+------------+----------------------------+
; Multiplexer Inputs ; Bus Width ; Baseline Area ; Area if Restructured ; Saving if Restructured ; Registered ; Example Multiplexer Output ;
+--------------------+-----------+---------------+----------------------+------------------------+------------+----------------------------+
; 3:1                ; 32 bits   ; 64 LEs        ; 32 LEs               ; 32 LEs                 ; No         ; |simulation|Selector41     ;
; 6:1                ; 17 bits   ; 68 LEs        ; 17 LEs               ; 51 LEs                 ; No         ; |simulation|Selector20     ;
+--------------------+-----------+---------------+----------------------+------------------------+------------+----------------------------+


+-----------------------------------------------------+
; Post-Synthesis Netlist Statistics for Top Partition ;
+-----------------------+-----------------------------+
; Type                  ; Count                       ;
+-----------------------+-----------------------------+
; boundary_port         ; 19                          ;
; cycloneiii_lcell_comb ; 285                         ;
;     arith             ; 136                         ;
;         2 data inputs ; 92                          ;
;         3 data inputs ; 44                          ;
;     normal            ; 149                         ;
;         1 data inputs ; 5                           ;
;         2 data inputs ; 20                          ;
;         3 data inputs ; 111                         ;
;         4 data inputs ; 13                          ;
;                       ;                             ;
; Max LUT depth         ; 8.00                        ;
; Average LUT depth     ; 4.35                        ;
+-----------------------+-----------------------------+


+-------------------------------+
; Elapsed Time Per Partition    ;
+----------------+--------------+
; Partition Name ; Elapsed Time ;
+----------------+--------------+
; Top            ; 00:00:01     ;
+----------------+--------------+


+-------------------------------+
; Analysis & Synthesis Messages ;
+-------------------------------+
Info: *******************************************************************
Info: Running Quartus Prime Analysis & Synthesis
    Info: Version 22.1std.0 Build 915 10/25/2022 SC Lite Edition
    Info: Processing started: Tue Mar 21 00:51:39 2023
Info: Command: quartus_map --read_settings_files=on --write_settings_files=off simulation -c simulation
Warning (18236): Number of processors has not been specified which may cause overloading on shared machines.  Set the global assignment NUM_PARALLEL_PROCESSORS in your QSF to an appropriate value for best performance.
Info (20030): Parallel compilation is enabled and will use 4 of the 4 processors detected
Info (12021): Found 1 design units, including 1 entities, in source file simulation.v
    Info (12023): Found entity 1: simulation File: C:/Users/Solom/OneDrive/Desktop/Control/simulation/simulation.v Line: 1
Info (12021): Found 2 design units, including 2 entities, in source file control.v
    Info (12023): Found entity 1: control File: C:/Users/Solom/OneDrive/Desktop/Control/simulation/control.v Line: 1
    Info (12023): Found entity 2: control_testbench File: C:/Users/Solom/OneDrive/Desktop/Control/simulation/control.v Line: 68
Warning (10236): Verilog HDL Implicit Net warning at control.v(14): created implicit net for "pi" File: C:/Users/Solom/OneDrive/Desktop/Control/simulation/control.v Line: 14
Warning (10236): Verilog HDL Implicit Net warning at control.v(22): created implicit net for "interval_counts" File: C:/Users/Solom/OneDrive/Desktop/Control/simulation/control.v Line: 22
Warning (10227): Verilog HDL Port Declaration warning at simulation.v(33): data type declaration for "counter" declares packed dimensions but the port declaration declaration does not File: C:/Users/Solom/OneDrive/Desktop/Control/simulation/simulation.v Line: 33
Info (10499): HDL info at simulation.v(11): see declaration for object "counter" File: C:/Users/Solom/OneDrive/Desktop/Control/simulation/simulation.v Line: 11
Info (12127): Elaborating entity "simulation" for the top level hierarchy
Warning (10036): Verilog HDL or VHDL warning at simulation.v(24): object "pi_start" assigned a value but never read File: C:/Users/Solom/OneDrive/Desktop/Control/simulation/simulation.v Line: 24
Warning (10036): Verilog HDL or VHDL warning at simulation.v(25): object "interval_2_start" assigned a value but never read File: C:/Users/Solom/OneDrive/Desktop/Control/simulation/simulation.v Line: 25
Warning (10036): Verilog HDL or VHDL warning at simulation.v(27): object "end_time" assigned a value but never read File: C:/Users/Solom/OneDrive/Desktop/Control/simulation/simulation.v Line: 27
Warning (10230): Verilog HDL assignment warning at simulation.v(39): truncated value with size 32 to match size of target (17) File: C:/Users/Solom/OneDrive/Desktop/Control/simulation/simulation.v Line: 39
Warning (10755): Verilog HDL warning at simulation.v(37): assignments to clk create a combinational loop File: C:/Users/Solom/OneDrive/Desktop/Control/simulation/simulation.v Line: 37
Warning (10240): Verilog HDL Always Construct warning at simulation.v(37): inferring latch(es) for variable "state", which holds its previous value in one or more paths through the always construct File: C:/Users/Solom/OneDrive/Desktop/Control/simulation/simulation.v Line: 37
Warning (10755): Verilog HDL warning at simulation.v(93): assignments to rabi_trig create a combinational loop File: C:/Users/Solom/OneDrive/Desktop/Control/simulation/simulation.v Line: 93
Warning (10240): Verilog HDL Always Construct warning at simulation.v(93): inferring latch(es) for variable "rabi", which holds its previous value in one or more paths through the always construct File: C:/Users/Solom/OneDrive/Desktop/Control/simulation/simulation.v Line: 93
Warning (10240): Verilog HDL Always Construct warning at simulation.v(93): inferring latch(es) for variable "r_state", which holds its previous value in one or more paths through the always construct File: C:/Users/Solom/OneDrive/Desktop/Control/simulation/simulation.v Line: 93
Warning (10240): Verilog HDL Always Construct warning at simulation.v(93): inferring latch(es) for variable "r_counter", which holds its previous value in one or more paths through the always construct File: C:/Users/Solom/OneDrive/Desktop/Control/simulation/simulation.v Line: 93
Warning (10240): Verilog HDL Always Construct warning at simulation.v(93): inferring latch(es) for variable "pulse_length", which holds its previous value in one or more paths through the always construct File: C:/Users/Solom/OneDrive/Desktop/Control/simulation/simulation.v Line: 93
Warning (10175): Verilog HDL warning at simulation.v(126): ignoring unsupported system task File: C:/Users/Solom/OneDrive/Desktop/Control/simulation/simulation.v Line: 126
Info (10648): Verilog HDL Display System Task info at simulation.v(141): interval 2 start = 60, pi start = 40, second pi_2 start= 80 File: C:/Users/Solom/OneDrive/Desktop/Control/simulation/simulation.v Line: 141
Info (10041): Inferred latch for "pulse_length[1]" at simulation.v(93) File: C:/Users/Solom/OneDrive/Desktop/Control/simulation/simulation.v Line: 93
Info (10041): Inferred latch for "pulse_length[2]" at simulation.v(93) File: C:/Users/Solom/OneDrive/Desktop/Control/simulation/simulation.v Line: 93
Info (10041): Inferred latch for "pulse_length[3]" at simulation.v(93) File: C:/Users/Solom/OneDrive/Desktop/Control/simulation/simulation.v Line: 93
Info (10041): Inferred latch for "pulse_length[4]" at simulation.v(93) File: C:/Users/Solom/OneDrive/Desktop/Control/simulation/simulation.v Line: 93
Info (10041): Inferred latch for "pulse_length[5]" at simulation.v(93) File: C:/Users/Solom/OneDrive/Desktop/Control/simulation/simulation.v Line: 93
Info (10041): Inferred latch for "pulse_length[6]" at simulation.v(93) File: C:/Users/Solom/OneDrive/Desktop/Control/simulation/simulation.v Line: 93
Info (10041): Inferred latch for "pulse_length[7]" at simulation.v(93) File: C:/Users/Solom/OneDrive/Desktop/Control/simulation/simulation.v Line: 93
Info (10041): Inferred latch for "pulse_length[8]" at simulation.v(93) File: C:/Users/Solom/OneDrive/Desktop/Control/simulation/simulation.v Line: 93
Info (10041): Inferred latch for "pulse_length[9]" at simulation.v(93) File: C:/Users/Solom/OneDrive/Desktop/Control/simulation/simulation.v Line: 93
Info (10041): Inferred latch for "pulse_length[10]" at simulation.v(93) File: C:/Users/Solom/OneDrive/Desktop/Control/simulation/simulation.v Line: 93
Info (10041): Inferred latch for "pulse_length[11]" at simulation.v(93) File: C:/Users/Solom/OneDrive/Desktop/Control/simulation/simulation.v Line: 93
Info (10041): Inferred latch for "pulse_length[12]" at simulation.v(93) File: C:/Users/Solom/OneDrive/Desktop/Control/simulation/simulation.v Line: 93
Info (10041): Inferred latch for "pulse_length[13]" at simulation.v(93) File: C:/Users/Solom/OneDrive/Desktop/Control/simulation/simulation.v Line: 93
Info (10041): Inferred latch for "pulse_length[14]" at simulation.v(93) File: C:/Users/Solom/OneDrive/Desktop/Control/simulation/simulation.v Line: 93
Info (10041): Inferred latch for "pulse_length[15]" at simulation.v(93) File: C:/Users/Solom/OneDrive/Desktop/Control/simulation/simulation.v Line: 93
Info (10041): Inferred latch for "pulse_length[16]" at simulation.v(93) File: C:/Users/Solom/OneDrive/Desktop/Control/simulation/simulation.v Line: 93
Info (10041): Inferred latch for "pulse_length[17]" at simulation.v(93) File: C:/Users/Solom/OneDrive/Desktop/Control/simulation/simulation.v Line: 93
Info (10041): Inferred latch for "pulse_length[18]" at simulation.v(93) File: C:/Users/Solom/OneDrive/Desktop/Control/simulation/simulation.v Line: 93
Info (10041): Inferred latch for "pulse_length[19]" at simulation.v(93) File: C:/Users/Solom/OneDrive/Desktop/Control/simulation/simulation.v Line: 93
Info (10041): Inferred latch for "pulse_length[20]" at simulation.v(93) File: C:/Users/Solom/OneDrive/Desktop/Control/simulation/simulation.v Line: 93
Info (10041): Inferred latch for "pulse_length[21]" at simulation.v(93) File: C:/Users/Solom/OneDrive/Desktop/Control/simulation/simulation.v Line: 93
Info (10041): Inferred latch for "pulse_length[22]" at simulation.v(93) File: C:/Users/Solom/OneDrive/Desktop/Control/simulation/simulation.v Line: 93
Info (10041): Inferred latch for "pulse_length[23]" at simulation.v(93) File: C:/Users/Solom/OneDrive/Desktop/Control/simulation/simulation.v Line: 93
Info (10041): Inferred latch for "pulse_length[24]" at simulation.v(93) File: C:/Users/Solom/OneDrive/Desktop/Control/simulation/simulation.v Line: 93
Info (10041): Inferred latch for "pulse_length[25]" at simulation.v(93) File: C:/Users/Solom/OneDrive/Desktop/Control/simulation/simulation.v Line: 93
Info (10041): Inferred latch for "pulse_length[26]" at simulation.v(93) File: C:/Users/Solom/OneDrive/Desktop/Control/simulation/simulation.v Line: 93
Info (10041): Inferred latch for "pulse_length[27]" at simulation.v(93) File: C:/Users/Solom/OneDrive/Desktop/Control/simulation/simulation.v Line: 93
Info (10041): Inferred latch for "pulse_length[28]" at simulation.v(93) File: C:/Users/Solom/OneDrive/Desktop/Control/simulation/simulation.v Line: 93
Info (10041): Inferred latch for "pulse_length[29]" at simulation.v(93) File: C:/Users/Solom/OneDrive/Desktop/Control/simulation/simulation.v Line: 93
Info (10041): Inferred latch for "pulse_length[30]" at simulation.v(93) File: C:/Users/Solom/OneDrive/Desktop/Control/simulation/simulation.v Line: 93
Info (10041): Inferred latch for "pulse_length[31]" at simulation.v(93) File: C:/Users/Solom/OneDrive/Desktop/Control/simulation/simulation.v Line: 93
Info (10041): Inferred latch for "r_counter[0]" at simulation.v(93) File: C:/Users/Solom/OneDrive/Desktop/Control/simulation/simulation.v Line: 93
Info (10041): Inferred latch for "r_counter[1]" at simulation.v(93) File: C:/Users/Solom/OneDrive/Desktop/Control/simulation/simulation.v Line: 93
Info (10041): Inferred latch for "r_counter[2]" at simulation.v(93) File: C:/Users/Solom/OneDrive/Desktop/Control/simulation/simulation.v Line: 93
Info (10041): Inferred latch for "r_counter[3]" at simulation.v(93) File: C:/Users/Solom/OneDrive/Desktop/Control/simulation/simulation.v Line: 93
Info (10041): Inferred latch for "r_counter[4]" at simulation.v(93) File: C:/Users/Solom/OneDrive/Desktop/Control/simulation/simulation.v Line: 93
Info (10041): Inferred latch for "r_counter[5]" at simulation.v(93) File: C:/Users/Solom/OneDrive/Desktop/Control/simulation/simulation.v Line: 93
Info (10041): Inferred latch for "r_counter[6]" at simulation.v(93) File: C:/Users/Solom/OneDrive/Desktop/Control/simulation/simulation.v Line: 93
Info (10041): Inferred latch for "r_counter[7]" at simulation.v(93) File: C:/Users/Solom/OneDrive/Desktop/Control/simulation/simulation.v Line: 93
Info (10041): Inferred latch for "r_counter[8]" at simulation.v(93) File: C:/Users/Solom/OneDrive/Desktop/Control/simulation/simulation.v Line: 93
Info (10041): Inferred latch for "r_counter[9]" at simulation.v(93) File: C:/Users/Solom/OneDrive/Desktop/Control/simulation/simulation.v Line: 93
Info (10041): Inferred latch for "r_counter[10]" at simulation.v(93) File: C:/Users/Solom/OneDrive/Desktop/Control/simulation/simulation.v Line: 93
Info (10041): Inferred latch for "r_counter[11]" at simulation.v(93) File: C:/Users/Solom/OneDrive/Desktop/Control/simulation/simulation.v Line: 93
Info (10041): Inferred latch for "r_counter[12]" at simulation.v(93) File: C:/Users/Solom/OneDrive/Desktop/Control/simulation/simulation.v Line: 93
Info (10041): Inferred latch for "r_counter[13]" at simulation.v(93) File: C:/Users/Solom/OneDrive/Desktop/Control/simulation/simulation.v Line: 93
Info (10041): Inferred latch for "r_counter[14]" at simulation.v(93) File: C:/Users/Solom/OneDrive/Desktop/Control/simulation/simulation.v Line: 93
Info (10041): Inferred latch for "r_counter[15]" at simulation.v(93) File: C:/Users/Solom/OneDrive/Desktop/Control/simulation/simulation.v Line: 93
Info (10041): Inferred latch for "r_counter[16]" at simulation.v(93) File: C:/Users/Solom/OneDrive/Desktop/Control/simulation/simulation.v Line: 93
Info (10041): Inferred latch for "r_counter[17]" at simulation.v(93) File: C:/Users/Solom/OneDrive/Desktop/Control/simulation/simulation.v Line: 93
Info (10041): Inferred latch for "r_counter[18]" at simulation.v(93) File: C:/Users/Solom/OneDrive/Desktop/Control/simulation/simulation.v Line: 93
Info (10041): Inferred latch for "r_counter[19]" at simulation.v(93) File: C:/Users/Solom/OneDrive/Desktop/Control/simulation/simulation.v Line: 93
Info (10041): Inferred latch for "r_counter[20]" at simulation.v(93) File: C:/Users/Solom/OneDrive/Desktop/Control/simulation/simulation.v Line: 93
Info (10041): Inferred latch for "r_counter[21]" at simulation.v(93) File: C:/Users/Solom/OneDrive/Desktop/Control/simulation/simulation.v Line: 93
Info (10041): Inferred latch for "r_counter[22]" at simulation.v(93) File: C:/Users/Solom/OneDrive/Desktop/Control/simulation/simulation.v Line: 93
Info (10041): Inferred latch for "r_counter[23]" at simulation.v(93) File: C:/Users/Solom/OneDrive/Desktop/Control/simulation/simulation.v Line: 93
Info (10041): Inferred latch for "r_counter[24]" at simulation.v(93) File: C:/Users/Solom/OneDrive/Desktop/Control/simulation/simulation.v Line: 93
Info (10041): Inferred latch for "r_counter[25]" at simulation.v(93) File: C:/Users/Solom/OneDrive/Desktop/Control/simulation/simulation.v Line: 93
Info (10041): Inferred latch for "r_counter[26]" at simulation.v(93) File: C:/Users/Solom/OneDrive/Desktop/Control/simulation/simulation.v Line: 93
Info (10041): Inferred latch for "r_counter[27]" at simulation.v(93) File: C:/Users/Solom/OneDrive/Desktop/Control/simulation/simulation.v Line: 93
Info (10041): Inferred latch for "r_counter[28]" at simulation.v(93) File: C:/Users/Solom/OneDrive/Desktop/Control/simulation/simulation.v Line: 93
Info (10041): Inferred latch for "r_counter[29]" at simulation.v(93) File: C:/Users/Solom/OneDrive/Desktop/Control/simulation/simulation.v Line: 93
Info (10041): Inferred latch for "r_counter[30]" at simulation.v(93) File: C:/Users/Solom/OneDrive/Desktop/Control/simulation/simulation.v Line: 93
Info (10041): Inferred latch for "r_counter[31]" at simulation.v(93) File: C:/Users/Solom/OneDrive/Desktop/Control/simulation/simulation.v Line: 93
Info (10041): Inferred latch for "r_state.00000010" at simulation.v(93) File: C:/Users/Solom/OneDrive/Desktop/Control/simulation/simulation.v Line: 93
Info (10041): Inferred latch for "r_state.00000001" at simulation.v(93) File: C:/Users/Solom/OneDrive/Desktop/Control/simulation/simulation.v Line: 93
Info (10041): Inferred latch for "r_state.00000000" at simulation.v(93) File: C:/Users/Solom/OneDrive/Desktop/Control/simulation/simulation.v Line: 93
Info (10041): Inferred latch for "rabi" at simulation.v(93) File: C:/Users/Solom/OneDrive/Desktop/Control/simulation/simulation.v Line: 93
Info (10041): Inferred latch for "state.00101" at simulation.v(37) File: C:/Users/Solom/OneDrive/Desktop/Control/simulation/simulation.v Line: 37
Info (10041): Inferred latch for "state.00100" at simulation.v(37) File: C:/Users/Solom/OneDrive/Desktop/Control/simulation/simulation.v Line: 37
Info (10041): Inferred latch for "state.00011" at simulation.v(37) File: C:/Users/Solom/OneDrive/Desktop/Control/simulation/simulation.v Line: 37
Info (10041): Inferred latch for "state.00010" at simulation.v(37) File: C:/Users/Solom/OneDrive/Desktop/Control/simulation/simulation.v Line: 37
Info (10041): Inferred latch for "state.00001" at simulation.v(37) File: C:/Users/Solom/OneDrive/Desktop/Control/simulation/simulation.v Line: 37
Info (10041): Inferred latch for "state.00000" at simulation.v(37) File: C:/Users/Solom/OneDrive/Desktop/Control/simulation/simulation.v Line: 37
Warning (13012): Latch state.00100_1006 has unsafe behavior File: C:/Users/Solom/OneDrive/Desktop/Control/simulation/simulation.v Line: 37
    Warning (13013): Ports D and ENA on the latch are fed by the same signal state.00011_1020 File: C:/Users/Solom/OneDrive/Desktop/Control/simulation/simulation.v Line: 37
Warning (13012): Latch state.00010_1034 has unsafe behavior File: C:/Users/Solom/OneDrive/Desktop/Control/simulation/simulation.v Line: 37
    Warning (13013): Ports D and ENA on the latch are fed by the same signal state.00001_1048 File: C:/Users/Solom/OneDrive/Desktop/Control/simulation/simulation.v Line: 37
Warning (13012): Latch state.00000_1062 has unsafe behavior File: C:/Users/Solom/OneDrive/Desktop/Control/simulation/simulation.v Line: 37
    Warning (13013): Ports D and ENA on the latch are fed by the same signal state.00101_992 File: C:/Users/Solom/OneDrive/Desktop/Control/simulation/simulation.v Line: 37
Warning (13012): Latch state.00101_992 has unsafe behavior File: C:/Users/Solom/OneDrive/Desktop/Control/simulation/simulation.v Line: 37
    Warning (13013): Ports D and ENA on the latch are fed by the same signal state.00100_1006 File: C:/Users/Solom/OneDrive/Desktop/Control/simulation/simulation.v Line: 37
Warning (13012): Latch state.00001_1048 has unsafe behavior File: C:/Users/Solom/OneDrive/Desktop/Control/simulation/simulation.v Line: 37
    Warning (13013): Ports D and ENA on the latch are fed by the same signal state.00000_1062 File: C:/Users/Solom/OneDrive/Desktop/Control/simulation/simulation.v Line: 37
Warning (13012): Latch state.00011_1020 has unsafe behavior File: C:/Users/Solom/OneDrive/Desktop/Control/simulation/simulation.v Line: 37
    Warning (13013): Ports D and ENA on the latch are fed by the same signal state.00010_1034 File: C:/Users/Solom/OneDrive/Desktop/Control/simulation/simulation.v Line: 37
Warning (13012): Latch r_state.00000010_949 has unsafe behavior File: C:/Users/Solom/OneDrive/Desktop/Control/simulation/simulation.v Line: 93
    Warning (13013): Ports D and ENA on the latch are fed by the same signal r_state.00000001_960 File: C:/Users/Solom/OneDrive/Desktop/Control/simulation/simulation.v Line: 93
Warning (13012): Latch r_counter[31] has unsafe behavior File: C:/Users/Solom/OneDrive/Desktop/Control/simulation/simulation.v Line: 93
    Warning (13013): Ports D and ENA on the latch are fed by the same signal r_state.00000010_949 File: C:/Users/Solom/OneDrive/Desktop/Control/simulation/simulation.v Line: 93
Warning (13012): Latch r_counter[30] has unsafe behavior File: C:/Users/Solom/OneDrive/Desktop/Control/simulation/simulation.v Line: 93
    Warning (13013): Ports D and ENA on the latch are fed by the same signal r_state.00000010_949 File: C:/Users/Solom/OneDrive/Desktop/Control/simulation/simulation.v Line: 93
Warning (13012): Latch r_counter[29] has unsafe behavior File: C:/Users/Solom/OneDrive/Desktop/Control/simulation/simulation.v Line: 93
    Warning (13013): Ports D and ENA on the latch are fed by the same signal r_state.00000010_949 File: C:/Users/Solom/OneDrive/Desktop/Control/simulation/simulation.v Line: 93
Warning (13012): Latch r_counter[28] has unsafe behavior File: C:/Users/Solom/OneDrive/Desktop/Control/simulation/simulation.v Line: 93
    Warning (13013): Ports D and ENA on the latch are fed by the same signal r_state.00000010_949 File: C:/Users/Solom/OneDrive/Desktop/Control/simulation/simulation.v Line: 93
Warning (13012): Latch r_counter[27] has unsafe behavior File: C:/Users/Solom/OneDrive/Desktop/Control/simulation/simulation.v Line: 93
    Warning (13013): Ports D and ENA on the latch are fed by the same signal r_state.00000010_949 File: C:/Users/Solom/OneDrive/Desktop/Control/simulation/simulation.v Line: 93
Warning (13012): Latch r_counter[26] has unsafe behavior File: C:/Users/Solom/OneDrive/Desktop/Control/simulation/simulation.v Line: 93
    Warning (13013): Ports D and ENA on the latch are fed by the same signal r_state.00000010_949 File: C:/Users/Solom/OneDrive/Desktop/Control/simulation/simulation.v Line: 93
Warning (13012): Latch r_counter[25] has unsafe behavior File: C:/Users/Solom/OneDrive/Desktop/Control/simulation/simulation.v Line: 93
    Warning (13013): Ports D and ENA on the latch are fed by the same signal r_state.00000010_949 File: C:/Users/Solom/OneDrive/Desktop/Control/simulation/simulation.v Line: 93
Warning (13012): Latch r_counter[24] has unsafe behavior File: C:/Users/Solom/OneDrive/Desktop/Control/simulation/simulation.v Line: 93
    Warning (13013): Ports D and ENA on the latch are fed by the same signal r_state.00000010_949 File: C:/Users/Solom/OneDrive/Desktop/Control/simulation/simulation.v Line: 93
Warning (13012): Latch r_counter[23] has unsafe behavior File: C:/Users/Solom/OneDrive/Desktop/Control/simulation/simulation.v Line: 93
    Warning (13013): Ports D and ENA on the latch are fed by the same signal r_state.00000010_949 File: C:/Users/Solom/OneDrive/Desktop/Control/simulation/simulation.v Line: 93
Warning (13012): Latch r_counter[22] has unsafe behavior File: C:/Users/Solom/OneDrive/Desktop/Control/simulation/simulation.v Line: 93
    Warning (13013): Ports D and ENA on the latch are fed by the same signal r_state.00000010_949 File: C:/Users/Solom/OneDrive/Desktop/Control/simulation/simulation.v Line: 93
Warning (13012): Latch r_counter[21] has unsafe behavior File: C:/Users/Solom/OneDrive/Desktop/Control/simulation/simulation.v Line: 93
    Warning (13013): Ports D and ENA on the latch are fed by the same signal r_state.00000010_949 File: C:/Users/Solom/OneDrive/Desktop/Control/simulation/simulation.v Line: 93
Warning (13012): Latch r_counter[20] has unsafe behavior File: C:/Users/Solom/OneDrive/Desktop/Control/simulation/simulation.v Line: 93
    Warning (13013): Ports D and ENA on the latch are fed by the same signal r_state.00000010_949 File: C:/Users/Solom/OneDrive/Desktop/Control/simulation/simulation.v Line: 93
Warning (13012): Latch r_counter[19] has unsafe behavior File: C:/Users/Solom/OneDrive/Desktop/Control/simulation/simulation.v Line: 93
    Warning (13013): Ports D and ENA on the latch are fed by the same signal r_state.00000010_949 File: C:/Users/Solom/OneDrive/Desktop/Control/simulation/simulation.v Line: 93
Warning (13012): Latch r_counter[18] has unsafe behavior File: C:/Users/Solom/OneDrive/Desktop/Control/simulation/simulation.v Line: 93
    Warning (13013): Ports D and ENA on the latch are fed by the same signal r_state.00000010_949 File: C:/Users/Solom/OneDrive/Desktop/Control/simulation/simulation.v Line: 93
Warning (13012): Latch r_counter[17] has unsafe behavior File: C:/Users/Solom/OneDrive/Desktop/Control/simulation/simulation.v Line: 93
    Warning (13013): Ports D and ENA on the latch are fed by the same signal r_state.00000010_949 File: C:/Users/Solom/OneDrive/Desktop/Control/simulation/simulation.v Line: 93
Warning (13012): Latch r_counter[16] has unsafe behavior File: C:/Users/Solom/OneDrive/Desktop/Control/simulation/simulation.v Line: 93
    Warning (13013): Ports D and ENA on the latch are fed by the same signal r_state.00000010_949 File: C:/Users/Solom/OneDrive/Desktop/Control/simulation/simulation.v Line: 93
Warning (13012): Latch r_counter[15] has unsafe behavior File: C:/Users/Solom/OneDrive/Desktop/Control/simulation/simulation.v Line: 93
    Warning (13013): Ports D and ENA on the latch are fed by the same signal r_state.00000010_949 File: C:/Users/Solom/OneDrive/Desktop/Control/simulation/simulation.v Line: 93
Warning (13012): Latch r_counter[14] has unsafe behavior File: C:/Users/Solom/OneDrive/Desktop/Control/simulation/simulation.v Line: 93
    Warning (13013): Ports D and ENA on the latch are fed by the same signal r_state.00000010_949 File: C:/Users/Solom/OneDrive/Desktop/Control/simulation/simulation.v Line: 93
Warning (13012): Latch r_counter[13] has unsafe behavior File: C:/Users/Solom/OneDrive/Desktop/Control/simulation/simulation.v Line: 93
    Warning (13013): Ports D and ENA on the latch are fed by the same signal r_state.00000010_949 File: C:/Users/Solom/OneDrive/Desktop/Control/simulation/simulation.v Line: 93
Warning (13012): Latch r_counter[12] has unsafe behavior File: C:/Users/Solom/OneDrive/Desktop/Control/simulation/simulation.v Line: 93
    Warning (13013): Ports D and ENA on the latch are fed by the same signal r_state.00000010_949 File: C:/Users/Solom/OneDrive/Desktop/Control/simulation/simulation.v Line: 93
Warning (13012): Latch r_counter[11] has unsafe behavior File: C:/Users/Solom/OneDrive/Desktop/Control/simulation/simulation.v Line: 93
    Warning (13013): Ports D and ENA on the latch are fed by the same signal r_state.00000010_949 File: C:/Users/Solom/OneDrive/Desktop/Control/simulation/simulation.v Line: 93
Warning (13012): Latch r_counter[10] has unsafe behavior File: C:/Users/Solom/OneDrive/Desktop/Control/simulation/simulation.v Line: 93
    Warning (13013): Ports D and ENA on the latch are fed by the same signal r_state.00000010_949 File: C:/Users/Solom/OneDrive/Desktop/Control/simulation/simulation.v Line: 93
Warning (13012): Latch r_counter[9] has unsafe behavior File: C:/Users/Solom/OneDrive/Desktop/Control/simulation/simulation.v Line: 93
    Warning (13013): Ports D and ENA on the latch are fed by the same signal r_state.00000010_949 File: C:/Users/Solom/OneDrive/Desktop/Control/simulation/simulation.v Line: 93
Warning (13012): Latch r_counter[8] has unsafe behavior File: C:/Users/Solom/OneDrive/Desktop/Control/simulation/simulation.v Line: 93
    Warning (13013): Ports D and ENA on the latch are fed by the same signal r_state.00000010_949 File: C:/Users/Solom/OneDrive/Desktop/Control/simulation/simulation.v Line: 93
Warning (13012): Latch r_counter[7] has unsafe behavior File: C:/Users/Solom/OneDrive/Desktop/Control/simulation/simulation.v Line: 93
    Warning (13013): Ports D and ENA on the latch are fed by the same signal r_state.00000010_949 File: C:/Users/Solom/OneDrive/Desktop/Control/simulation/simulation.v Line: 93
Warning (13012): Latch r_counter[6] has unsafe behavior File: C:/Users/Solom/OneDrive/Desktop/Control/simulation/simulation.v Line: 93
    Warning (13013): Ports D and ENA on the latch are fed by the same signal r_state.00000010_949 File: C:/Users/Solom/OneDrive/Desktop/Control/simulation/simulation.v Line: 93
Warning (13012): Latch r_counter[5] has unsafe behavior File: C:/Users/Solom/OneDrive/Desktop/Control/simulation/simulation.v Line: 93
    Warning (13013): Ports D and ENA on the latch are fed by the same signal r_state.00000010_949 File: C:/Users/Solom/OneDrive/Desktop/Control/simulation/simulation.v Line: 93
Warning (13012): Latch r_counter[4] has unsafe behavior File: C:/Users/Solom/OneDrive/Desktop/Control/simulation/simulation.v Line: 93
    Warning (13013): Ports D and ENA on the latch are fed by the same signal r_state.00000010_949 File: C:/Users/Solom/OneDrive/Desktop/Control/simulation/simulation.v Line: 93
Warning (13012): Latch r_counter[3] has unsafe behavior File: C:/Users/Solom/OneDrive/Desktop/Control/simulation/simulation.v Line: 93
    Warning (13013): Ports D and ENA on the latch are fed by the same signal r_state.00000010_949 File: C:/Users/Solom/OneDrive/Desktop/Control/simulation/simulation.v Line: 93
Warning (13012): Latch r_counter[2] has unsafe behavior File: C:/Users/Solom/OneDrive/Desktop/Control/simulation/simulation.v Line: 93
    Warning (13013): Ports D and ENA on the latch are fed by the same signal r_state.00000010_949 File: C:/Users/Solom/OneDrive/Desktop/Control/simulation/simulation.v Line: 93
Warning (13012): Latch r_counter[1] has unsafe behavior File: C:/Users/Solom/OneDrive/Desktop/Control/simulation/simulation.v Line: 93
    Warning (13013): Ports D and ENA on the latch are fed by the same signal r_state.00000010_949 File: C:/Users/Solom/OneDrive/Desktop/Control/simulation/simulation.v Line: 93
Warning (13012): Latch r_counter[0] has unsafe behavior File: C:/Users/Solom/OneDrive/Desktop/Control/simulation/simulation.v Line: 93
    Warning (13013): Ports D and ENA on the latch are fed by the same signal r_state.00000010_949 File: C:/Users/Solom/OneDrive/Desktop/Control/simulation/simulation.v Line: 93
Info (286030): Timing-Driven Synthesis is running
Info (16010): Generating hard_block partition "hard_block:auto_generated_inst"
    Info (16011): Adding 0 node(s), including 0 DDIO, 0 PLL, 0 transceiver and 0 LCELL
Info (21057): Implemented 303 device resources after synthesis - the final resource count might be different
    Info (21058): Implemented 0 input pins
    Info (21059): Implemented 19 output pins
    Info (21061): Implemented 284 logic cells
Info: Quartus Prime Analysis & Synthesis was successful. 0 errors, 94 warnings
    Info: Peak virtual memory: 4766 megabytes
    Info: Processing ended: Tue Mar 21 00:51:57 2023
    Info: Elapsed time: 00:00:18
    Info: Total CPU time (on all processors): 00:00:39


