------------------------------------------------------------
Timing Analyzer Summary
------------------------------------------------------------

Type  : Slow 1200mV 85C Model Setup 'r_state.00000010_949'
Slack : -13.074
TNS   : -402.965

Type  : Slow 1200mV 85C Model Setup 'pulse_length[10]'
Slack : -12.845
TNS   : -388.357

Type  : Slow 1200mV 85C Model Setup 'state.00000_1062'
Slack : -7.309
TNS   : -38.157

Type  : Slow 1200mV 85C Model Hold 'state.00000_1062'
Slack : -5.228
TNS   : -5.228

Type  : Slow 1200mV 85C Model Hold 'r_state.00000010_949'
Slack : 0.150
TNS   : 0.000

Type  : Slow 1200mV 85C Model Hold 'pulse_length[10]'
Slack : 1.342
TNS   : 0.000

Type  : Slow 1200mV 85C Model Minimum Pulse Width 'state.00000_1062'
Slack : -6.118
TNS   : -281.768

Type  : Slow 1200mV 85C Model Minimum Pulse Width 'pulse_length[10]'
Slack : -0.006
TNS   : -0.012

Type  : Slow 1200mV 85C Model Minimum Pulse Width 'r_state.00000010_949'
Slack : 0.394
TNS   : 0.000

Type  : Slow 1200mV 0C Model Setup 'pulse_length[10]'
Slack : -11.767
TNS   : -355.138

Type  : Slow 1200mV 0C Model Setup 'r_state.00000010_949'
Slack : -11.721
TNS   : -360.114

Type  : Slow 1200mV 0C Model Setup 'state.00000_1062'
Slack : -6.568
TNS   : -34.510

Type  : Slow 1200mV 0C Model Hold 'state.00000_1062'
Slack : -4.660
TNS   : -4.660

Type  : Slow 1200mV 0C Model Hold 'r_state.00000010_949'
Slack : 0.132
TNS   : 0.000

Type  : Slow 1200mV 0C Model Hold 'pulse_length[10]'
Slack : 1.177
TNS   : 0.000

Type  : Slow 1200mV 0C Model Minimum Pulse Width 'state.00000_1062'
Slack : -5.686
TNS   : -265.288

Type  : Slow 1200mV 0C Model Minimum Pulse Width 'pulse_length[10]'
Slack : -0.045
TNS   : -0.090

Type  : Slow 1200mV 0C Model Minimum Pulse Width 'r_state.00000010_949'
Slack : 0.306
TNS   : 0.000

Type  : Fast 1200mV 0C Model Setup 'r_state.00000010_949'
Slack : -5.294
TNS   : -161.486

Type  : Fast 1200mV 0C Model Setup 'pulse_length[10]'
Slack : -5.168
TNS   : -152.527

Type  : Fast 1200mV 0C Model Setup 'state.00000_1062'
Slack : -2.648
TNS   : -13.553

Type  : Fast 1200mV 0C Model Hold 'state.00000_1062'
Slack : -1.948
TNS   : -1.948

Type  : Fast 1200mV 0C Model Hold 'r_state.00000010_949'
Slack : 0.074
TNS   : 0.000

Type  : Fast 1200mV 0C Model Hold 'pulse_length[10]'
Slack : 0.428
TNS   : 0.000

Type  : Fast 1200mV 0C Model Minimum Pulse Width 'state.00000_1062'
Slack : -3.000
TNS   : -155.826

Type  : Fast 1200mV 0C Model Minimum Pulse Width 'pulse_length[10]'
Slack : 0.250
TNS   : 0.000

Type  : Fast 1200mV 0C Model Minimum Pulse Width 'r_state.00000010_949'
Slack : 0.405
TNS   : 0.000

------------------------------------------------------------
